ARM GAS  C:\Users\rens_\AppData\Local\Temp\ccy54pfw.s 			page 1


   1              		.syntax unified
   2              		.cpu cortex-m3
   3              		.fpu softvfp
   4              		.eabi_attribute 20, 1
   5              		.eabi_attribute 21, 1
   6              		.eabi_attribute 23, 3
   7              		.eabi_attribute 24, 1
   8              		.eabi_attribute 25, 1
   9              		.eabi_attribute 26, 1
  10              		.eabi_attribute 30, 6
  11              		.eabi_attribute 34, 1
  12              		.eabi_attribute 18, 4
  13              		.thumb
  14              		.syntax unified
  15              		.file	"Filter_PM.c"
  16              		.text
  17              	.Ltext0:
  18              		.cfi_sections	.debug_frame
  19              		.data
  20              		.align	2
  21              		.type	Filter_backup, %object
  22              		.size	Filter_backup, 68
  23              	Filter_backup:
  24 0000 00       		.byte	0
  25 0001 01       		.byte	1
  26 0002 00000000 		.space	66
  26      00000000 
  26      00000000 
  26      00000000 
  26      00000000 
  27              		.section	.text.Filter_SaveConfig,"ax",%progbits
  28              		.align	2
  29              		.global	Filter_SaveConfig
  30              		.thumb
  31              		.thumb_func
  32              		.type	Filter_SaveConfig, %function
  33              	Filter_SaveConfig:
  34              	.LFB0:
  35              		.file 1 "Generated_Source\\PSoC5\\Filter_PM.c"
   1:Generated_Source\PSoC5/Filter_PM.c **** /*******************************************************************************
   2:Generated_Source\PSoC5/Filter_PM.c **** * File Name: Filter_PM.c
   3:Generated_Source\PSoC5/Filter_PM.c **** * Version 2.30
   4:Generated_Source\PSoC5/Filter_PM.c **** *
   5:Generated_Source\PSoC5/Filter_PM.c **** * Description:
   6:Generated_Source\PSoC5/Filter_PM.c **** *  This file provides the power managaer API source code for the FILT component.
   7:Generated_Source\PSoC5/Filter_PM.c **** *
   8:Generated_Source\PSoC5/Filter_PM.c **** * Note:
   9:Generated_Source\PSoC5/Filter_PM.c **** *  
  10:Generated_Source\PSoC5/Filter_PM.c **** *******************************************************************************
  11:Generated_Source\PSoC5/Filter_PM.c **** * Copyright 2008-2013, Cypress Semiconductor Corporation.  All rights reserved.
  12:Generated_Source\PSoC5/Filter_PM.c **** * You may use this file only in accordance with the license, terms, conditions, 
  13:Generated_Source\PSoC5/Filter_PM.c **** * disclaimers, and limitations in the end user license agreement accompanying 
  14:Generated_Source\PSoC5/Filter_PM.c **** * the software package with which this file was provided.
  15:Generated_Source\PSoC5/Filter_PM.c **** ********************************************************************************/
  16:Generated_Source\PSoC5/Filter_PM.c **** 
  17:Generated_Source\PSoC5/Filter_PM.c **** #include "Filter_PVT.h"
  18:Generated_Source\PSoC5/Filter_PM.c **** 
ARM GAS  C:\Users\rens_\AppData\Local\Temp\ccy54pfw.s 			page 2


  19:Generated_Source\PSoC5/Filter_PM.c **** static Filter_backupStruct  Filter_backup = 
  20:Generated_Source\PSoC5/Filter_PM.c **** {
  21:Generated_Source\PSoC5/Filter_PM.c ****     Filter_DISABLED,
  22:Generated_Source\PSoC5/Filter_PM.c ****     Filter_RUN_MASK,
  23:Generated_Source\PSoC5/Filter_PM.c ****     
  24:Generated_Source\PSoC5/Filter_PM.c **** };
  25:Generated_Source\PSoC5/Filter_PM.c **** 
  26:Generated_Source\PSoC5/Filter_PM.c **** 
  27:Generated_Source\PSoC5/Filter_PM.c **** /*******************************************************************************
  28:Generated_Source\PSoC5/Filter_PM.c **** * Function Name: Filter_SaveConfig
  29:Generated_Source\PSoC5/Filter_PM.c **** ********************************************************************************
  30:Generated_Source\PSoC5/Filter_PM.c **** *
  31:Generated_Source\PSoC5/Filter_PM.c **** * Summary:
  32:Generated_Source\PSoC5/Filter_PM.c **** *  Saves the current user configuration.
  33:Generated_Source\PSoC5/Filter_PM.c **** *  
  34:Generated_Source\PSoC5/Filter_PM.c **** * Parameters:  
  35:Generated_Source\PSoC5/Filter_PM.c **** *  void
  36:Generated_Source\PSoC5/Filter_PM.c **** *
  37:Generated_Source\PSoC5/Filter_PM.c **** * Return: 
  38:Generated_Source\PSoC5/Filter_PM.c **** *  void
  39:Generated_Source\PSoC5/Filter_PM.c **** *
  40:Generated_Source\PSoC5/Filter_PM.c **** * Global variables:
  41:Generated_Source\PSoC5/Filter_PM.c **** *  Filter_backup:  This global structure variable is used to store 
  42:Generated_Source\PSoC5/Filter_PM.c **** *  configuration registers which are non retention whenever user wants to go 
  43:Generated_Source\PSoC5/Filter_PM.c **** *  sleep mode by calling Sleep() API.
  44:Generated_Source\PSoC5/Filter_PM.c **** *
  45:Generated_Source\PSoC5/Filter_PM.c **** *******************************************************************************/
  46:Generated_Source\PSoC5/Filter_PM.c **** void Filter_SaveConfig(void) 
  47:Generated_Source\PSoC5/Filter_PM.c **** {
  36              		.loc 1 47 0
  37              		.cfi_startproc
  38              		@ args = 0, pretend = 0, frame = 0
  39              		@ frame_needed = 1, uses_anonymous_args = 0
  40              		@ link register save eliminated.
  41 0000 B0B4     		push	{r4, r5, r7}
  42              		.cfi_def_cfa_offset 12
  43              		.cfi_offset 4, -12
  44              		.cfi_offset 5, -8
  45              		.cfi_offset 7, -4
  46 0002 00AF     		add	r7, sp, #0
  47              		.cfi_def_cfa_register 7
  48:Generated_Source\PSoC5/Filter_PM.c ****     Filter_backup.sr = Filter_SR_REG;
  48              		.loc 1 48 0
  49 0004 104B     		ldr	r3, .L2
  50 0006 1B78     		ldrb	r3, [r3]
  51 0008 DAB2     		uxtb	r2, r3
  52 000a 104B     		ldr	r3, .L2+4
  53 000c 9A70     		strb	r2, [r3, #2]
  49:Generated_Source\PSoC5/Filter_PM.c ****     Filter_backup.sema = Filter_SEMA_REG;
  54              		.loc 1 49 0
  55 000e 104B     		ldr	r3, .L2+8
  56 0010 1B78     		ldrb	r3, [r3]
  57 0012 DAB2     		uxtb	r2, r3
  58 0014 0D4B     		ldr	r3, .L2+4
  59 0016 DA70     		strb	r2, [r3, #3]
  50:Generated_Source\PSoC5/Filter_PM.c **** 
  51:Generated_Source\PSoC5/Filter_PM.c ****     /* Put DFB RAM on the bus */
ARM GAS  C:\Users\rens_\AppData\Local\Temp\ccy54pfw.s 			page 3


  52:Generated_Source\PSoC5/Filter_PM.c ****     Filter_RAM_DIR_REG = Filter_RAM_DIR_BUS;
  60              		.loc 1 52 0
  61 0018 0E4B     		ldr	r3, .L2+12
  62 001a 3F22     		movs	r2, #63
  63 001c 1A70     		strb	r2, [r3]
  53:Generated_Source\PSoC5/Filter_PM.c **** 
  54:Generated_Source\PSoC5/Filter_PM.c ****     /* Save the ACU RAM as this is not retension */
  55:Generated_Source\PSoC5/Filter_PM.c ****     (void)memcpy(Filter_backup.saveAcu,
  64              		.loc 1 55 0
  65 001e 0B4B     		ldr	r3, .L2+4
  66 0020 0D4A     		ldr	r2, .L2+16
  67 0022 1C1D     		adds	r4, r3, #4
  68 0024 1546     		mov	r5, r2
  69 0026 0FCD     		ldmia	r5!, {r0, r1, r2, r3}
  70 0028 0FC4     		stmia	r4!, {r0, r1, r2, r3}
  71 002a 0FCD     		ldmia	r5!, {r0, r1, r2, r3}
  72 002c 0FC4     		stmia	r4!, {r0, r1, r2, r3}
  73 002e 0FCD     		ldmia	r5!, {r0, r1, r2, r3}
  74 0030 0FC4     		stmia	r4!, {r0, r1, r2, r3}
  75 0032 95E80F00 		ldmia	r5, {r0, r1, r2, r3}
  76 0036 84E80F00 		stmia	r4, {r0, r1, r2, r3}
  56:Generated_Source\PSoC5/Filter_PM.c ****         Filter_ACU_RAM, Filter_ACU_RAM_SIZE); 
  57:Generated_Source\PSoC5/Filter_PM.c **** 
  58:Generated_Source\PSoC5/Filter_PM.c ****     /* Take DFB RAM off the bus */
  59:Generated_Source\PSoC5/Filter_PM.c ****     Filter_RAM_DIR_REG = Filter_RAM_DIR_DFB;
  77              		.loc 1 59 0
  78 003a 064B     		ldr	r3, .L2+12
  79 003c 0022     		movs	r2, #0
  80 003e 1A70     		strb	r2, [r3]
  60:Generated_Source\PSoC5/Filter_PM.c **** }
  81              		.loc 1 60 0
  82 0040 00BF     		nop
  83 0042 BD46     		mov	sp, r7
  84              		.cfi_def_cfa_register 13
  85              		@ sp needed
  86 0044 B0BC     		pop	{r4, r5, r7}
  87              		.cfi_restore 7
  88              		.cfi_restore 5
  89              		.cfi_restore 4
  90              		.cfi_def_cfa_offset 0
  91 0046 7047     		bx	lr
  92              	.L3:
  93              		.align	2
  94              	.L2:
  95 0048 84C70040 		.word	1073792900
  96 004c 00000000 		.word	Filter_backup
  97 0050 90C70040 		.word	1073792912
  98 0054 8CC70040 		.word	1073792908
  99 0058 00C70040 		.word	1073792768
 100              		.cfi_endproc
 101              	.LFE0:
 102              		.size	Filter_SaveConfig, .-Filter_SaveConfig
 103              		.section	.text.Filter_RestoreConfig,"ax",%progbits
 104              		.align	2
 105              		.global	Filter_RestoreConfig
 106              		.thumb
 107              		.thumb_func
ARM GAS  C:\Users\rens_\AppData\Local\Temp\ccy54pfw.s 			page 4


 108              		.type	Filter_RestoreConfig, %function
 109              	Filter_RestoreConfig:
 110              	.LFB1:
  61:Generated_Source\PSoC5/Filter_PM.c **** 
  62:Generated_Source\PSoC5/Filter_PM.c **** 
  63:Generated_Source\PSoC5/Filter_PM.c **** /*******************************************************************************
  64:Generated_Source\PSoC5/Filter_PM.c **** * Function Name: Filter_RestoreConfig
  65:Generated_Source\PSoC5/Filter_PM.c **** ********************************************************************************
  66:Generated_Source\PSoC5/Filter_PM.c **** *
  67:Generated_Source\PSoC5/Filter_PM.c **** * Summary:
  68:Generated_Source\PSoC5/Filter_PM.c **** *  Restores the current user configuration.
  69:Generated_Source\PSoC5/Filter_PM.c **** *
  70:Generated_Source\PSoC5/Filter_PM.c **** * Parameters:  
  71:Generated_Source\PSoC5/Filter_PM.c **** *  void
  72:Generated_Source\PSoC5/Filter_PM.c **** *
  73:Generated_Source\PSoC5/Filter_PM.c **** * Return: 
  74:Generated_Source\PSoC5/Filter_PM.c **** *  void
  75:Generated_Source\PSoC5/Filter_PM.c **** *
  76:Generated_Source\PSoC5/Filter_PM.c **** * Global variables:
  77:Generated_Source\PSoC5/Filter_PM.c **** *  Filter_backup:  This global structure variable is used to restore 
  78:Generated_Source\PSoC5/Filter_PM.c **** *  configuration registers which are non retention whenever user wants to switch 
  79:Generated_Source\PSoC5/Filter_PM.c **** *  to active power mode by calling Wakeup() API.
  80:Generated_Source\PSoC5/Filter_PM.c **** *
  81:Generated_Source\PSoC5/Filter_PM.c **** *******************************************************************************/
  82:Generated_Source\PSoC5/Filter_PM.c **** void Filter_RestoreConfig(void) 
  83:Generated_Source\PSoC5/Filter_PM.c **** {
 111              		.loc 1 83 0
 112              		.cfi_startproc
 113              		@ args = 0, pretend = 0, frame = 0
 114              		@ frame_needed = 1, uses_anonymous_args = 0
 115              		@ link register save eliminated.
 116 0000 B0B4     		push	{r4, r5, r7}
 117              		.cfi_def_cfa_offset 12
 118              		.cfi_offset 4, -12
 119              		.cfi_offset 5, -8
 120              		.cfi_offset 7, -4
 121 0002 00AF     		add	r7, sp, #0
 122              		.cfi_def_cfa_register 7
  84:Generated_Source\PSoC5/Filter_PM.c ****     Filter_SR_REG = Filter_backup.sr;
 123              		.loc 1 84 0
 124 0004 134B     		ldr	r3, .L5
 125 0006 144A     		ldr	r2, .L5+4
 126 0008 9278     		ldrb	r2, [r2, #2]	@ zero_extendqisi2
 127 000a 1A70     		strb	r2, [r3]
  85:Generated_Source\PSoC5/Filter_PM.c ****     Filter_SEMA_REG = Filter_backup.sema;
 128              		.loc 1 85 0
 129 000c 134B     		ldr	r3, .L5+8
 130 000e 124A     		ldr	r2, .L5+4
 131 0010 D278     		ldrb	r2, [r2, #3]	@ zero_extendqisi2
 132 0012 1A70     		strb	r2, [r3]
  86:Generated_Source\PSoC5/Filter_PM.c ****     
  87:Generated_Source\PSoC5/Filter_PM.c ****     /* Power on DFB before initializing the RAMs */
  88:Generated_Source\PSoC5/Filter_PM.c ****     Filter_PM_ACT_CFG_REG |= Filter_PM_ACT_MSK;
 133              		.loc 1 88 0
 134 0014 124A     		ldr	r2, .L5+12
 135 0016 124B     		ldr	r3, .L5+12
 136 0018 1B78     		ldrb	r3, [r3]
ARM GAS  C:\Users\rens_\AppData\Local\Temp\ccy54pfw.s 			page 5


 137 001a DBB2     		uxtb	r3, r3
 138 001c 43F01003 		orr	r3, r3, #16
 139 0020 DBB2     		uxtb	r3, r3
 140 0022 1370     		strb	r3, [r2]
  89:Generated_Source\PSoC5/Filter_PM.c **** 
  90:Generated_Source\PSoC5/Filter_PM.c ****     /* Put DFB RAM on the bus */
  91:Generated_Source\PSoC5/Filter_PM.c ****     Filter_RAM_DIR_REG = Filter_RAM_DIR_BUS;
 141              		.loc 1 91 0
 142 0024 0F4B     		ldr	r3, .L5+16
 143 0026 3F22     		movs	r2, #63
 144 0028 1A70     		strb	r2, [r3]
  92:Generated_Source\PSoC5/Filter_PM.c **** 
  93:Generated_Source\PSoC5/Filter_PM.c ****     /* Restore ACU RAM as this is not retension */
  94:Generated_Source\PSoC5/Filter_PM.c ****     (void)memcpy(Filter_ACU_RAM,
 145              		.loc 1 94 0
 146 002a 0F4A     		ldr	r2, .L5+20
 147 002c 0A4B     		ldr	r3, .L5+4
 148 002e 1546     		mov	r5, r2
 149 0030 1C1D     		adds	r4, r3, #4
 150 0032 0FCC     		ldmia	r4!, {r0, r1, r2, r3}
 151 0034 0FC5     		stmia	r5!, {r0, r1, r2, r3}
 152 0036 0FCC     		ldmia	r4!, {r0, r1, r2, r3}
 153 0038 0FC5     		stmia	r5!, {r0, r1, r2, r3}
 154 003a 0FCC     		ldmia	r4!, {r0, r1, r2, r3}
 155 003c 0FC5     		stmia	r5!, {r0, r1, r2, r3}
 156 003e 94E80F00 		ldmia	r4, {r0, r1, r2, r3}
 157 0042 85E80F00 		stmia	r5, {r0, r1, r2, r3}
  95:Generated_Source\PSoC5/Filter_PM.c ****         Filter_backup.saveAcu, Filter_ACU_RAM_SIZE); 
  96:Generated_Source\PSoC5/Filter_PM.c **** 
  97:Generated_Source\PSoC5/Filter_PM.c ****     /* Take DFB RAM off the bus */
  98:Generated_Source\PSoC5/Filter_PM.c ****     Filter_RAM_DIR_REG = Filter_RAM_DIR_DFB;
 158              		.loc 1 98 0
 159 0046 074B     		ldr	r3, .L5+16
 160 0048 0022     		movs	r2, #0
 161 004a 1A70     		strb	r2, [r3]
  99:Generated_Source\PSoC5/Filter_PM.c **** }
 162              		.loc 1 99 0
 163 004c 00BF     		nop
 164 004e BD46     		mov	sp, r7
 165              		.cfi_def_cfa_register 13
 166              		@ sp needed
 167 0050 B0BC     		pop	{r4, r5, r7}
 168              		.cfi_restore 7
 169              		.cfi_restore 5
 170              		.cfi_restore 4
 171              		.cfi_def_cfa_offset 0
 172 0052 7047     		bx	lr
 173              	.L6:
 174              		.align	2
 175              	.L5:
 176 0054 84C70040 		.word	1073792900
 177 0058 00000000 		.word	Filter_backup
 178 005c 90C70040 		.word	1073792912
 179 0060 A6430040 		.word	1073759142
 180 0064 8CC70040 		.word	1073792908
 181 0068 00C70040 		.word	1073792768
 182              		.cfi_endproc
ARM GAS  C:\Users\rens_\AppData\Local\Temp\ccy54pfw.s 			page 6


 183              	.LFE1:
 184              		.size	Filter_RestoreConfig, .-Filter_RestoreConfig
 185              		.section	.text.Filter_Sleep,"ax",%progbits
 186              		.align	2
 187              		.global	Filter_Sleep
 188              		.thumb
 189              		.thumb_func
 190              		.type	Filter_Sleep, %function
 191              	Filter_Sleep:
 192              	.LFB2:
 100:Generated_Source\PSoC5/Filter_PM.c **** 
 101:Generated_Source\PSoC5/Filter_PM.c **** 
 102:Generated_Source\PSoC5/Filter_PM.c **** /*******************************************************************************
 103:Generated_Source\PSoC5/Filter_PM.c **** * Function Name: Filter_Sleep
 104:Generated_Source\PSoC5/Filter_PM.c **** ********************************************************************************
 105:Generated_Source\PSoC5/Filter_PM.c **** *
 106:Generated_Source\PSoC5/Filter_PM.c **** * Summary:
 107:Generated_Source\PSoC5/Filter_PM.c **** *  Disables block's operation and saves its configuration. Should be called 
 108:Generated_Source\PSoC5/Filter_PM.c **** *  just prior to entering sleep.
 109:Generated_Source\PSoC5/Filter_PM.c **** *  
 110:Generated_Source\PSoC5/Filter_PM.c **** * Parameters:  
 111:Generated_Source\PSoC5/Filter_PM.c **** *  void
 112:Generated_Source\PSoC5/Filter_PM.c **** *
 113:Generated_Source\PSoC5/Filter_PM.c **** * Return: 
 114:Generated_Source\PSoC5/Filter_PM.c **** *  void
 115:Generated_Source\PSoC5/Filter_PM.c **** *
 116:Generated_Source\PSoC5/Filter_PM.c **** * Global variables:
 117:Generated_Source\PSoC5/Filter_PM.c **** *  Filter_backup:  The structure field 'enableState' is modified 
 118:Generated_Source\PSoC5/Filter_PM.c **** *  depending on the enable state of the block before entering to sleep mode.
 119:Generated_Source\PSoC5/Filter_PM.c **** *
 120:Generated_Source\PSoC5/Filter_PM.c **** *******************************************************************************/
 121:Generated_Source\PSoC5/Filter_PM.c **** void Filter_Sleep(void) 
 122:Generated_Source\PSoC5/Filter_PM.c **** {
 193              		.loc 1 122 0
 194              		.cfi_startproc
 195              		@ args = 0, pretend = 0, frame = 0
 196              		@ frame_needed = 1, uses_anonymous_args = 0
 197 0000 80B5     		push	{r7, lr}
 198              		.cfi_def_cfa_offset 8
 199              		.cfi_offset 7, -8
 200              		.cfi_offset 14, -4
 201 0002 00AF     		add	r7, sp, #0
 202              		.cfi_def_cfa_register 7
 123:Generated_Source\PSoC5/Filter_PM.c ****     /* Save Filter enable state */
 124:Generated_Source\PSoC5/Filter_PM.c ****     if(Filter_PM_ACT_MSK == (Filter_PM_ACT_CFG_REG & Filter_PM_ACT_MSK))
 203              		.loc 1 124 0
 204 0004 094B     		ldr	r3, .L10
 205 0006 1B78     		ldrb	r3, [r3]
 206 0008 DBB2     		uxtb	r3, r3
 207 000a 03F01003 		and	r3, r3, #16
 208 000e 002B     		cmp	r3, #0
 209 0010 03D0     		beq	.L8
 125:Generated_Source\PSoC5/Filter_PM.c ****     {
 126:Generated_Source\PSoC5/Filter_PM.c ****         /* Component is enabled */
 127:Generated_Source\PSoC5/Filter_PM.c ****         Filter_backup.enableState = Filter_ENABLED;
 210              		.loc 1 127 0
 211 0012 074B     		ldr	r3, .L10+4
ARM GAS  C:\Users\rens_\AppData\Local\Temp\ccy54pfw.s 			page 7


 212 0014 0122     		movs	r2, #1
 213 0016 1A70     		strb	r2, [r3]
 214 0018 02E0     		b	.L9
 215              	.L8:
 128:Generated_Source\PSoC5/Filter_PM.c ****     }
 129:Generated_Source\PSoC5/Filter_PM.c ****     else
 130:Generated_Source\PSoC5/Filter_PM.c ****     {
 131:Generated_Source\PSoC5/Filter_PM.c ****         /* Component is disabled */
 132:Generated_Source\PSoC5/Filter_PM.c ****         Filter_backup.enableState = Filter_DISABLED;
 216              		.loc 1 132 0
 217 001a 054B     		ldr	r3, .L10+4
 218 001c 0022     		movs	r2, #0
 219 001e 1A70     		strb	r2, [r3]
 220              	.L9:
 133:Generated_Source\PSoC5/Filter_PM.c ****     }
 134:Generated_Source\PSoC5/Filter_PM.c **** 
 135:Generated_Source\PSoC5/Filter_PM.c ****     /* Save the configuration */
 136:Generated_Source\PSoC5/Filter_PM.c ****     Filter_SaveConfig();
 221              		.loc 1 136 0
 222 0020 FFF7FEFF 		bl	Filter_SaveConfig
 137:Generated_Source\PSoC5/Filter_PM.c ****     
 138:Generated_Source\PSoC5/Filter_PM.c ****     /* Stop the component */
 139:Generated_Source\PSoC5/Filter_PM.c ****     Filter_Stop();
 223              		.loc 1 139 0
 224 0024 FFF7FEFF 		bl	Filter_Stop
 140:Generated_Source\PSoC5/Filter_PM.c **** }
 225              		.loc 1 140 0
 226 0028 00BF     		nop
 227 002a 80BD     		pop	{r7, pc}
 228              	.L11:
 229              		.align	2
 230              	.L10:
 231 002c A6430040 		.word	1073759142
 232 0030 00000000 		.word	Filter_backup
 233              		.cfi_endproc
 234              	.LFE2:
 235              		.size	Filter_Sleep, .-Filter_Sleep
 236              		.section	.text.Filter_Wakeup,"ax",%progbits
 237              		.align	2
 238              		.global	Filter_Wakeup
 239              		.thumb
 240              		.thumb_func
 241              		.type	Filter_Wakeup, %function
 242              	Filter_Wakeup:
 243              	.LFB3:
 141:Generated_Source\PSoC5/Filter_PM.c **** 
 142:Generated_Source\PSoC5/Filter_PM.c **** 
 143:Generated_Source\PSoC5/Filter_PM.c **** /*******************************************************************************
 144:Generated_Source\PSoC5/Filter_PM.c **** * Function Name: Filter_Wakeup
 145:Generated_Source\PSoC5/Filter_PM.c **** ********************************************************************************
 146:Generated_Source\PSoC5/Filter_PM.c **** *
 147:Generated_Source\PSoC5/Filter_PM.c **** * Summary:
 148:Generated_Source\PSoC5/Filter_PM.c **** *  Enables block's operation and restores its configuration. Should be called
 149:Generated_Source\PSoC5/Filter_PM.c **** *  just after awaking from sleep.
 150:Generated_Source\PSoC5/Filter_PM.c **** *  
 151:Generated_Source\PSoC5/Filter_PM.c **** * Parameters:  
 152:Generated_Source\PSoC5/Filter_PM.c **** *  void
ARM GAS  C:\Users\rens_\AppData\Local\Temp\ccy54pfw.s 			page 8


 153:Generated_Source\PSoC5/Filter_PM.c **** *
 154:Generated_Source\PSoC5/Filter_PM.c **** * Return: 
 155:Generated_Source\PSoC5/Filter_PM.c **** *  void
 156:Generated_Source\PSoC5/Filter_PM.c **** *
 157:Generated_Source\PSoC5/Filter_PM.c **** * Global variables:
 158:Generated_Source\PSoC5/Filter_PM.c **** *  Filter_backup:  The structure field 'enableState' is used to 
 159:Generated_Source\PSoC5/Filter_PM.c **** *  restore the enable state of block after wakeup from sleep mode.
 160:Generated_Source\PSoC5/Filter_PM.c **** *
 161:Generated_Source\PSoC5/Filter_PM.c **** *******************************************************************************/
 162:Generated_Source\PSoC5/Filter_PM.c **** void Filter_Wakeup(void) 
 163:Generated_Source\PSoC5/Filter_PM.c **** {
 244              		.loc 1 163 0
 245              		.cfi_startproc
 246              		@ args = 0, pretend = 0, frame = 0
 247              		@ frame_needed = 1, uses_anonymous_args = 0
 248 0000 80B5     		push	{r7, lr}
 249              		.cfi_def_cfa_offset 8
 250              		.cfi_offset 7, -8
 251              		.cfi_offset 14, -4
 252 0002 00AF     		add	r7, sp, #0
 253              		.cfi_def_cfa_register 7
 164:Generated_Source\PSoC5/Filter_PM.c ****     /* Restore the configuration */
 165:Generated_Source\PSoC5/Filter_PM.c ****     Filter_RestoreConfig();
 254              		.loc 1 165 0
 255 0004 FFF7FEFF 		bl	Filter_RestoreConfig
 166:Generated_Source\PSoC5/Filter_PM.c ****     
 167:Generated_Source\PSoC5/Filter_PM.c ****     /* Enable's the component operation */
 168:Generated_Source\PSoC5/Filter_PM.c ****     if(Filter_backup.enableState == Filter_ENABLED)
 256              		.loc 1 168 0
 257 0008 034B     		ldr	r3, .L15
 258 000a 1B78     		ldrb	r3, [r3]	@ zero_extendqisi2
 259 000c 012B     		cmp	r3, #1
 260 000e 01D1     		bne	.L14
 169:Generated_Source\PSoC5/Filter_PM.c ****     {
 170:Generated_Source\PSoC5/Filter_PM.c ****         Filter_Enable();
 261              		.loc 1 170 0
 262 0010 FFF7FEFF 		bl	Filter_Enable
 263              	.L14:
 171:Generated_Source\PSoC5/Filter_PM.c ****     } /* Do nothing if component was disable before */
 172:Generated_Source\PSoC5/Filter_PM.c **** }
 264              		.loc 1 172 0
 265 0014 00BF     		nop
 266 0016 80BD     		pop	{r7, pc}
 267              	.L16:
 268              		.align	2
 269              	.L15:
 270 0018 00000000 		.word	Filter_backup
 271              		.cfi_endproc
 272              	.LFE3:
 273              		.size	Filter_Wakeup, .-Filter_Wakeup
 274              		.text
 275              	.Letext0:
 276              		.file 2 "Generated_Source\\PSoC5\\cytypes.h"
 277              		.file 3 "Generated_Source\\PSoC5\\Filter.H"
 278              		.section	.debug_info,"",%progbits
 279              	.Ldebug_info0:
 280 0000 67010000 		.4byte	0x167
ARM GAS  C:\Users\rens_\AppData\Local\Temp\ccy54pfw.s 			page 9


 281 0004 0400     		.2byte	0x4
 282 0006 00000000 		.4byte	.Ldebug_abbrev0
 283 000a 04       		.byte	0x4
 284 000b 01       		.uleb128 0x1
 285 000c 05000000 		.4byte	.LASF25
 286 0010 0C       		.byte	0xc
 287 0011 E6010000 		.4byte	.LASF26
 288 0015 B3000000 		.4byte	.LASF27
 289 0019 00000000 		.4byte	.Ldebug_ranges0+0
 290 001d 00000000 		.4byte	0
 291 0021 00000000 		.4byte	.Ldebug_line0
 292 0025 02       		.uleb128 0x2
 293 0026 04       		.byte	0x4
 294 0027 05       		.byte	0x5
 295 0028 696E7400 		.ascii	"int\000"
 296 002c 03       		.uleb128 0x3
 297 002d 04       		.byte	0x4
 298 002e 07       		.byte	0x7
 299 002f 88010000 		.4byte	.LASF0
 300 0033 03       		.uleb128 0x3
 301 0034 08       		.byte	0x8
 302 0035 05       		.byte	0x5
 303 0036 C9010000 		.4byte	.LASF1
 304 003a 03       		.uleb128 0x3
 305 003b 08       		.byte	0x8
 306 003c 04       		.byte	0x4
 307 003d 1E020000 		.4byte	.LASF2
 308 0041 03       		.uleb128 0x3
 309 0042 01       		.byte	0x1
 310 0043 06       		.byte	0x6
 311 0044 2A020000 		.4byte	.LASF3
 312 0048 03       		.uleb128 0x3
 313 0049 01       		.byte	0x1
 314 004a 08       		.byte	0x8
 315 004b 21010000 		.4byte	.LASF4
 316 004f 03       		.uleb128 0x3
 317 0050 02       		.byte	0x2
 318 0051 05       		.byte	0x5
 319 0052 DC010000 		.4byte	.LASF5
 320 0056 03       		.uleb128 0x3
 321 0057 02       		.byte	0x2
 322 0058 07       		.byte	0x7
 323 0059 A0000000 		.4byte	.LASF6
 324 005d 03       		.uleb128 0x3
 325 005e 04       		.byte	0x4
 326 005f 05       		.byte	0x5
 327 0060 09020000 		.4byte	.LASF7
 328 0064 03       		.uleb128 0x3
 329 0065 04       		.byte	0x4
 330 0066 07       		.byte	0x7
 331 0067 34010000 		.4byte	.LASF8
 332 006b 03       		.uleb128 0x3
 333 006c 08       		.byte	0x8
 334 006d 07       		.byte	0x7
 335 006e A9010000 		.4byte	.LASF9
 336 0072 03       		.uleb128 0x3
 337 0073 04       		.byte	0x4
ARM GAS  C:\Users\rens_\AppData\Local\Temp\ccy54pfw.s 			page 10


 338 0074 07       		.byte	0x7
 339 0075 C0010000 		.4byte	.LASF10
 340 0079 03       		.uleb128 0x3
 341 007a 01       		.byte	0x1
 342 007b 08       		.byte	0x8
 343 007c D7010000 		.4byte	.LASF11
 344 0080 04       		.uleb128 0x4
 345 0081 46010000 		.4byte	.LASF12
 346 0085 02       		.byte	0x2
 347 0086 9201     		.2byte	0x192
 348 0088 48000000 		.4byte	0x48
 349 008c 04       		.uleb128 0x4
 350 008d 81010000 		.4byte	.LASF13
 351 0091 02       		.byte	0x2
 352 0092 9301     		.2byte	0x193
 353 0094 56000000 		.4byte	0x56
 354 0098 03       		.uleb128 0x3
 355 0099 04       		.byte	0x4
 356 009a 04       		.byte	0x4
 357 009b 13010000 		.4byte	.LASF14
 358 009f 03       		.uleb128 0x3
 359 00a0 08       		.byte	0x8
 360 00a1 04       		.byte	0x4
 361 00a2 5A010000 		.4byte	.LASF15
 362 00a6 04       		.uleb128 0x4
 363 00a7 2F010000 		.4byte	.LASF16
 364 00ab 02       		.byte	0x2
 365 00ac 3C02     		.2byte	0x23c
 366 00ae B2000000 		.4byte	0xb2
 367 00b2 05       		.uleb128 0x5
 368 00b3 80000000 		.4byte	0x80
 369 00b7 06       		.uleb128 0x6
 370 00b8 44       		.byte	0x44
 371 00b9 03       		.byte	0x3
 372 00ba 30       		.byte	0x30
 373 00bb FA000000 		.4byte	0xfa
 374 00bf 07       		.uleb128 0x7
 375 00c0 12020000 		.4byte	.LASF17
 376 00c4 03       		.byte	0x3
 377 00c5 32       		.byte	0x32
 378 00c6 80000000 		.4byte	0x80
 379 00ca 00       		.byte	0
 380 00cb 08       		.uleb128 0x8
 381 00cc 637200   		.ascii	"cr\000"
 382 00cf 03       		.byte	0x3
 383 00d0 33       		.byte	0x33
 384 00d1 80000000 		.4byte	0x80
 385 00d5 01       		.byte	0x1
 386 00d6 08       		.uleb128 0x8
 387 00d7 737200   		.ascii	"sr\000"
 388 00da 03       		.byte	0x3
 389 00db 34       		.byte	0x34
 390 00dc 80000000 		.4byte	0x80
 391 00e0 02       		.byte	0x2
 392 00e1 07       		.uleb128 0x7
 393 00e2 00000000 		.4byte	.LASF18
 394 00e6 03       		.byte	0x3
ARM GAS  C:\Users\rens_\AppData\Local\Temp\ccy54pfw.s 			page 11


 395 00e7 35       		.byte	0x35
 396 00e8 80000000 		.4byte	0x80
 397 00ec 03       		.byte	0x3
 398 00ed 07       		.uleb128 0x7
 399 00ee 19010000 		.4byte	.LASF19
 400 00f2 03       		.byte	0x3
 401 00f3 36       		.byte	0x36
 402 00f4 FA000000 		.4byte	0xfa
 403 00f8 04       		.byte	0x4
 404 00f9 00       		.byte	0
 405 00fa 09       		.uleb128 0x9
 406 00fb 80000000 		.4byte	0x80
 407 00ff 0A010000 		.4byte	0x10a
 408 0103 0A       		.uleb128 0xa
 409 0104 72000000 		.4byte	0x72
 410 0108 3F       		.byte	0x3f
 411 0109 00       		.byte	0
 412 010a 0B       		.uleb128 0xb
 413 010b 95010000 		.4byte	.LASF20
 414 010f 03       		.byte	0x3
 415 0110 37       		.byte	0x37
 416 0111 B7000000 		.4byte	0xb7
 417 0115 0C       		.uleb128 0xc
 418 0116 61010000 		.4byte	.LASF21
 419 011a 01       		.byte	0x1
 420 011b 2E       		.byte	0x2e
 421 011c 00000000 		.4byte	.LFB0
 422 0120 5C000000 		.4byte	.LFE0-.LFB0
 423 0124 01       		.uleb128 0x1
 424 0125 9C       		.byte	0x9c
 425 0126 0C       		.uleb128 0xc
 426 0127 FE000000 		.4byte	.LASF22
 427 012b 01       		.byte	0x1
 428 012c 52       		.byte	0x52
 429 012d 00000000 		.4byte	.LFB1
 430 0131 6C000000 		.4byte	.LFE1-.LFB1
 431 0135 01       		.uleb128 0x1
 432 0136 9C       		.byte	0x9c
 433 0137 0D       		.uleb128 0xd
 434 0138 93000000 		.4byte	.LASF23
 435 013c 01       		.byte	0x1
 436 013d 79       		.byte	0x79
 437 013e 00000000 		.4byte	.LFB2
 438 0142 34000000 		.4byte	.LFE2-.LFB2
 439 0146 01       		.uleb128 0x1
 440 0147 9C       		.byte	0x9c
 441 0148 0D       		.uleb128 0xd
 442 0149 4C010000 		.4byte	.LASF24
 443 014d 01       		.byte	0x1
 444 014e A2       		.byte	0xa2
 445 014f 00000000 		.4byte	.LFB3
 446 0153 1C000000 		.4byte	.LFE3-.LFB3
 447 0157 01       		.uleb128 0x1
 448 0158 9C       		.byte	0x9c
 449 0159 0E       		.uleb128 0xe
 450 015a 73010000 		.4byte	.LASF28
 451 015e 01       		.byte	0x1
ARM GAS  C:\Users\rens_\AppData\Local\Temp\ccy54pfw.s 			page 12


 452 015f 13       		.byte	0x13
 453 0160 0A010000 		.4byte	0x10a
 454 0164 05       		.uleb128 0x5
 455 0165 03       		.byte	0x3
 456 0166 00000000 		.4byte	Filter_backup
 457 016a 00       		.byte	0
 458              		.section	.debug_abbrev,"",%progbits
 459              	.Ldebug_abbrev0:
 460 0000 01       		.uleb128 0x1
 461 0001 11       		.uleb128 0x11
 462 0002 01       		.byte	0x1
 463 0003 25       		.uleb128 0x25
 464 0004 0E       		.uleb128 0xe
 465 0005 13       		.uleb128 0x13
 466 0006 0B       		.uleb128 0xb
 467 0007 03       		.uleb128 0x3
 468 0008 0E       		.uleb128 0xe
 469 0009 1B       		.uleb128 0x1b
 470 000a 0E       		.uleb128 0xe
 471 000b 55       		.uleb128 0x55
 472 000c 17       		.uleb128 0x17
 473 000d 11       		.uleb128 0x11
 474 000e 01       		.uleb128 0x1
 475 000f 10       		.uleb128 0x10
 476 0010 17       		.uleb128 0x17
 477 0011 00       		.byte	0
 478 0012 00       		.byte	0
 479 0013 02       		.uleb128 0x2
 480 0014 24       		.uleb128 0x24
 481 0015 00       		.byte	0
 482 0016 0B       		.uleb128 0xb
 483 0017 0B       		.uleb128 0xb
 484 0018 3E       		.uleb128 0x3e
 485 0019 0B       		.uleb128 0xb
 486 001a 03       		.uleb128 0x3
 487 001b 08       		.uleb128 0x8
 488 001c 00       		.byte	0
 489 001d 00       		.byte	0
 490 001e 03       		.uleb128 0x3
 491 001f 24       		.uleb128 0x24
 492 0020 00       		.byte	0
 493 0021 0B       		.uleb128 0xb
 494 0022 0B       		.uleb128 0xb
 495 0023 3E       		.uleb128 0x3e
 496 0024 0B       		.uleb128 0xb
 497 0025 03       		.uleb128 0x3
 498 0026 0E       		.uleb128 0xe
 499 0027 00       		.byte	0
 500 0028 00       		.byte	0
 501 0029 04       		.uleb128 0x4
 502 002a 16       		.uleb128 0x16
 503 002b 00       		.byte	0
 504 002c 03       		.uleb128 0x3
 505 002d 0E       		.uleb128 0xe
 506 002e 3A       		.uleb128 0x3a
 507 002f 0B       		.uleb128 0xb
 508 0030 3B       		.uleb128 0x3b
ARM GAS  C:\Users\rens_\AppData\Local\Temp\ccy54pfw.s 			page 13


 509 0031 05       		.uleb128 0x5
 510 0032 49       		.uleb128 0x49
 511 0033 13       		.uleb128 0x13
 512 0034 00       		.byte	0
 513 0035 00       		.byte	0
 514 0036 05       		.uleb128 0x5
 515 0037 35       		.uleb128 0x35
 516 0038 00       		.byte	0
 517 0039 49       		.uleb128 0x49
 518 003a 13       		.uleb128 0x13
 519 003b 00       		.byte	0
 520 003c 00       		.byte	0
 521 003d 06       		.uleb128 0x6
 522 003e 13       		.uleb128 0x13
 523 003f 01       		.byte	0x1
 524 0040 0B       		.uleb128 0xb
 525 0041 0B       		.uleb128 0xb
 526 0042 3A       		.uleb128 0x3a
 527 0043 0B       		.uleb128 0xb
 528 0044 3B       		.uleb128 0x3b
 529 0045 0B       		.uleb128 0xb
 530 0046 01       		.uleb128 0x1
 531 0047 13       		.uleb128 0x13
 532 0048 00       		.byte	0
 533 0049 00       		.byte	0
 534 004a 07       		.uleb128 0x7
 535 004b 0D       		.uleb128 0xd
 536 004c 00       		.byte	0
 537 004d 03       		.uleb128 0x3
 538 004e 0E       		.uleb128 0xe
 539 004f 3A       		.uleb128 0x3a
 540 0050 0B       		.uleb128 0xb
 541 0051 3B       		.uleb128 0x3b
 542 0052 0B       		.uleb128 0xb
 543 0053 49       		.uleb128 0x49
 544 0054 13       		.uleb128 0x13
 545 0055 38       		.uleb128 0x38
 546 0056 0B       		.uleb128 0xb
 547 0057 00       		.byte	0
 548 0058 00       		.byte	0
 549 0059 08       		.uleb128 0x8
 550 005a 0D       		.uleb128 0xd
 551 005b 00       		.byte	0
 552 005c 03       		.uleb128 0x3
 553 005d 08       		.uleb128 0x8
 554 005e 3A       		.uleb128 0x3a
 555 005f 0B       		.uleb128 0xb
 556 0060 3B       		.uleb128 0x3b
 557 0061 0B       		.uleb128 0xb
 558 0062 49       		.uleb128 0x49
 559 0063 13       		.uleb128 0x13
 560 0064 38       		.uleb128 0x38
 561 0065 0B       		.uleb128 0xb
 562 0066 00       		.byte	0
 563 0067 00       		.byte	0
 564 0068 09       		.uleb128 0x9
 565 0069 01       		.uleb128 0x1
ARM GAS  C:\Users\rens_\AppData\Local\Temp\ccy54pfw.s 			page 14


 566 006a 01       		.byte	0x1
 567 006b 49       		.uleb128 0x49
 568 006c 13       		.uleb128 0x13
 569 006d 01       		.uleb128 0x1
 570 006e 13       		.uleb128 0x13
 571 006f 00       		.byte	0
 572 0070 00       		.byte	0
 573 0071 0A       		.uleb128 0xa
 574 0072 21       		.uleb128 0x21
 575 0073 00       		.byte	0
 576 0074 49       		.uleb128 0x49
 577 0075 13       		.uleb128 0x13
 578 0076 2F       		.uleb128 0x2f
 579 0077 0B       		.uleb128 0xb
 580 0078 00       		.byte	0
 581 0079 00       		.byte	0
 582 007a 0B       		.uleb128 0xb
 583 007b 16       		.uleb128 0x16
 584 007c 00       		.byte	0
 585 007d 03       		.uleb128 0x3
 586 007e 0E       		.uleb128 0xe
 587 007f 3A       		.uleb128 0x3a
 588 0080 0B       		.uleb128 0xb
 589 0081 3B       		.uleb128 0x3b
 590 0082 0B       		.uleb128 0xb
 591 0083 49       		.uleb128 0x49
 592 0084 13       		.uleb128 0x13
 593 0085 00       		.byte	0
 594 0086 00       		.byte	0
 595 0087 0C       		.uleb128 0xc
 596 0088 2E       		.uleb128 0x2e
 597 0089 00       		.byte	0
 598 008a 3F       		.uleb128 0x3f
 599 008b 19       		.uleb128 0x19
 600 008c 03       		.uleb128 0x3
 601 008d 0E       		.uleb128 0xe
 602 008e 3A       		.uleb128 0x3a
 603 008f 0B       		.uleb128 0xb
 604 0090 3B       		.uleb128 0x3b
 605 0091 0B       		.uleb128 0xb
 606 0092 27       		.uleb128 0x27
 607 0093 19       		.uleb128 0x19
 608 0094 11       		.uleb128 0x11
 609 0095 01       		.uleb128 0x1
 610 0096 12       		.uleb128 0x12
 611 0097 06       		.uleb128 0x6
 612 0098 40       		.uleb128 0x40
 613 0099 18       		.uleb128 0x18
 614 009a 9742     		.uleb128 0x2117
 615 009c 19       		.uleb128 0x19
 616 009d 00       		.byte	0
 617 009e 00       		.byte	0
 618 009f 0D       		.uleb128 0xd
 619 00a0 2E       		.uleb128 0x2e
 620 00a1 00       		.byte	0
 621 00a2 3F       		.uleb128 0x3f
 622 00a3 19       		.uleb128 0x19
ARM GAS  C:\Users\rens_\AppData\Local\Temp\ccy54pfw.s 			page 15


 623 00a4 03       		.uleb128 0x3
 624 00a5 0E       		.uleb128 0xe
 625 00a6 3A       		.uleb128 0x3a
 626 00a7 0B       		.uleb128 0xb
 627 00a8 3B       		.uleb128 0x3b
 628 00a9 0B       		.uleb128 0xb
 629 00aa 27       		.uleb128 0x27
 630 00ab 19       		.uleb128 0x19
 631 00ac 11       		.uleb128 0x11
 632 00ad 01       		.uleb128 0x1
 633 00ae 12       		.uleb128 0x12
 634 00af 06       		.uleb128 0x6
 635 00b0 40       		.uleb128 0x40
 636 00b1 18       		.uleb128 0x18
 637 00b2 9642     		.uleb128 0x2116
 638 00b4 19       		.uleb128 0x19
 639 00b5 00       		.byte	0
 640 00b6 00       		.byte	0
 641 00b7 0E       		.uleb128 0xe
 642 00b8 34       		.uleb128 0x34
 643 00b9 00       		.byte	0
 644 00ba 03       		.uleb128 0x3
 645 00bb 0E       		.uleb128 0xe
 646 00bc 3A       		.uleb128 0x3a
 647 00bd 0B       		.uleb128 0xb
 648 00be 3B       		.uleb128 0x3b
 649 00bf 0B       		.uleb128 0xb
 650 00c0 49       		.uleb128 0x49
 651 00c1 13       		.uleb128 0x13
 652 00c2 02       		.uleb128 0x2
 653 00c3 18       		.uleb128 0x18
 654 00c4 00       		.byte	0
 655 00c5 00       		.byte	0
 656 00c6 00       		.byte	0
 657              		.section	.debug_aranges,"",%progbits
 658 0000 34000000 		.4byte	0x34
 659 0004 0200     		.2byte	0x2
 660 0006 00000000 		.4byte	.Ldebug_info0
 661 000a 04       		.byte	0x4
 662 000b 00       		.byte	0
 663 000c 0000     		.2byte	0
 664 000e 0000     		.2byte	0
 665 0010 00000000 		.4byte	.LFB0
 666 0014 5C000000 		.4byte	.LFE0-.LFB0
 667 0018 00000000 		.4byte	.LFB1
 668 001c 6C000000 		.4byte	.LFE1-.LFB1
 669 0020 00000000 		.4byte	.LFB2
 670 0024 34000000 		.4byte	.LFE2-.LFB2
 671 0028 00000000 		.4byte	.LFB3
 672 002c 1C000000 		.4byte	.LFE3-.LFB3
 673 0030 00000000 		.4byte	0
 674 0034 00000000 		.4byte	0
 675              		.section	.debug_ranges,"",%progbits
 676              	.Ldebug_ranges0:
 677 0000 00000000 		.4byte	.LFB0
 678 0004 5C000000 		.4byte	.LFE0
 679 0008 00000000 		.4byte	.LFB1
ARM GAS  C:\Users\rens_\AppData\Local\Temp\ccy54pfw.s 			page 16


 680 000c 6C000000 		.4byte	.LFE1
 681 0010 00000000 		.4byte	.LFB2
 682 0014 34000000 		.4byte	.LFE2
 683 0018 00000000 		.4byte	.LFB3
 684 001c 1C000000 		.4byte	.LFE3
 685 0020 00000000 		.4byte	0
 686 0024 00000000 		.4byte	0
 687              		.section	.debug_line,"",%progbits
 688              	.Ldebug_line0:
 689 0000 AE000000 		.section	.debug_str,"MS",%progbits,1
 689      02005200 
 689      00000201 
 689      FB0E0D00 
 689      01010101 
 690              	.LASF18:
 691 0000 73656D61 		.ascii	"sema\000"
 691      00
 692              	.LASF25:
 693 0005 474E5520 		.ascii	"GNU C11 5.4.1 20160609 (release) [ARM/embedded-5-br"
 693      43313120 
 693      352E342E 
 693      31203230 
 693      31363036 
 694 0038 616E6368 		.ascii	"anch revision 237715] -mcpu=cortex-m3 -mthumb -g -O"
 694      20726576 
 694      6973696F 
 694      6E203233 
 694      37373135 
 695 006b 30202D66 		.ascii	"0 -ffunction-sections -ffat-lto-objects\000"
 695      66756E63 
 695      74696F6E 
 695      2D736563 
 695      74696F6E 
 696              	.LASF23:
 697 0093 46696C74 		.ascii	"Filter_Sleep\000"
 697      65725F53 
 697      6C656570 
 697      00
 698              	.LASF6:
 699 00a0 73686F72 		.ascii	"short unsigned int\000"
 699      7420756E 
 699      7369676E 
 699      65642069 
 699      6E7400
 700              	.LASF27:
 701 00b3 433A5C55 		.ascii	"C:\\Users\\rens_\\Documents\\platooning\\PSoC\\Plat"
 701      73657273 
 701      5C72656E 
 701      735F5C44 
 701      6F63756D 
 702 00e0 6F6F6E69 		.ascii	"ooning\\AngleMeasurement.cydsn\000"
 702      6E675C41 
 702      6E676C65 
 702      4D656173 
 702      7572656D 
 703              	.LASF22:
 704 00fe 46696C74 		.ascii	"Filter_RestoreConfig\000"
ARM GAS  C:\Users\rens_\AppData\Local\Temp\ccy54pfw.s 			page 17


 704      65725F52 
 704      6573746F 
 704      7265436F 
 704      6E666967 
 705              	.LASF14:
 706 0113 666C6F61 		.ascii	"float\000"
 706      7400
 707              	.LASF19:
 708 0119 73617665 		.ascii	"saveAcu\000"
 708      41637500 
 709              	.LASF4:
 710 0121 756E7369 		.ascii	"unsigned char\000"
 710      676E6564 
 710      20636861 
 710      7200
 711              	.LASF16:
 712 012f 72656738 		.ascii	"reg8\000"
 712      00
 713              	.LASF8:
 714 0134 6C6F6E67 		.ascii	"long unsigned int\000"
 714      20756E73 
 714      69676E65 
 714      6420696E 
 714      7400
 715              	.LASF12:
 716 0146 75696E74 		.ascii	"uint8\000"
 716      3800
 717              	.LASF24:
 718 014c 46696C74 		.ascii	"Filter_Wakeup\000"
 718      65725F57 
 718      616B6575 
 718      7000
 719              	.LASF15:
 720 015a 646F7562 		.ascii	"double\000"
 720      6C6500
 721              	.LASF21:
 722 0161 46696C74 		.ascii	"Filter_SaveConfig\000"
 722      65725F53 
 722      61766543 
 722      6F6E6669 
 722      6700
 723              	.LASF28:
 724 0173 46696C74 		.ascii	"Filter_backup\000"
 724      65725F62 
 724      61636B75 
 724      7000
 725              	.LASF13:
 726 0181 75696E74 		.ascii	"uint16\000"
 726      313600
 727              	.LASF0:
 728 0188 756E7369 		.ascii	"unsigned int\000"
 728      676E6564 
 728      20696E74 
 728      00
 729              	.LASF20:
 730 0195 46696C74 		.ascii	"Filter_backupStruct\000"
 730      65725F62 
ARM GAS  C:\Users\rens_\AppData\Local\Temp\ccy54pfw.s 			page 18


 730      61636B75 
 730      70537472 
 730      75637400 
 731              	.LASF9:
 732 01a9 6C6F6E67 		.ascii	"long long unsigned int\000"
 732      206C6F6E 
 732      6720756E 
 732      7369676E 
 732      65642069 
 733              	.LASF10:
 734 01c0 73697A65 		.ascii	"sizetype\000"
 734      74797065 
 734      00
 735              	.LASF1:
 736 01c9 6C6F6E67 		.ascii	"long long int\000"
 736      206C6F6E 
 736      6720696E 
 736      7400
 737              	.LASF11:
 738 01d7 63686172 		.ascii	"char\000"
 738      00
 739              	.LASF5:
 740 01dc 73686F72 		.ascii	"short int\000"
 740      7420696E 
 740      7400
 741              	.LASF26:
 742 01e6 47656E65 		.ascii	"Generated_Source\\PSoC5\\Filter_PM.c\000"
 742      72617465 
 742      645F536F 
 742      75726365 
 742      5C50536F 
 743              	.LASF7:
 744 0209 6C6F6E67 		.ascii	"long int\000"
 744      20696E74 
 744      00
 745              	.LASF17:
 746 0212 656E6162 		.ascii	"enableState\000"
 746      6C655374 
 746      61746500 
 747              	.LASF2:
 748 021e 6C6F6E67 		.ascii	"long double\000"
 748      20646F75 
 748      626C6500 
 749              	.LASF3:
 750 022a 7369676E 		.ascii	"signed char\000"
 750      65642063 
 750      68617200 
 751              		.ident	"GCC: (GNU Tools for ARM Embedded Processors) 5.4.1 20160609 (release) [ARM/embedded-5-bran
